2026-08-03 00:13:15.750: [INFO] OnDoneLoading sync enabled: 0
2026-08-03 02:15:41.964: [INFO] OnDoneLoading sync enabled: 0
2026-08-03 02:17:13.386: [INFO] OnDoneLoading sync enabled: 0
2026-08-05 00:34:51.712: [INFO] CurrentProfilePath: E:\SteamLibrary\steamapps\common\Euro Truck Simulator 2\bin\win_x64\plugins\PrismTextureStreamerFB\PrismMediaClient.exe.WebView2\EBWebView\Default
2026-08-05 00:34:51.712: [INFO] Profiles total count: 1
2026-08-05 00:34:51.714: [INFO] Profile: name=Profile 1 path=E:\SteamLibrary\steamapps\common\Euro Truck Simulator 2\bin\win_x64\plugins\PrismTextureStreamerFB\PrismMediaClient.exe.WebView2\EBWebView\Default lastActive=2026-08-03T02:15:43.414Z
2026-08-05 00:34:51.714: [INFO] LastUsedProfileDir: E:\SteamLibrary\steamapps\common\Euro Truck Simulator 2\bin\win_x64\plugins\PrismTextureStreamerFB\PrismMediaClient.exe.WebView2\EBWebView\Default
2026-08-05 00:34:51.714: [INFO] MostRecentlyActiveProfile: name=Profile 1 path=E:\SteamLibrary\steamapps\common\Euro Truck Simulator 2\bin\win_x64\plugins\PrismTextureStreamerFB\PrismMediaClient.exe.WebView2\EBWebView\Default lastActive=2026-08-03T02:15:43.414Z
2026-08-05 00:34:51.714: [INFO] OnDoneLoading sync enabled: 0
2026-08-05 00:34:51.714: [INFO] BookmarkModelLoaded, ids_reassigned: 0
2026-08-05 00:34:51.714: [INFO] BookmarksLoadDropped droppedNodes=0
2026-08-05 00:34:51.714: [INFO] BookmarksSnapshot Startup total=0 bar=0 other=0 mobile=0 showBar=0 showBarNTP=1
2026-08-05 01:14:34.998: [INFO] BookmarksSnapshot Shutdown total=0 bar=0 other=0 mobile=0 showBar=0 showBarNTP=1
2026-08-05 01:15:35.180: [INFO] CurrentProfilePath: E:\SteamLibrary\steamapps\common\Euro Truck Simulator 2\bin\win_x64\plugins\PrismTextureStreamerFB\PrismMediaClient.exe.WebView2\EBWebView\Default
2026-08-05 01:15:35.180: [INFO] Profiles total count: 1
2026-08-05 01:15:35.180: [INFO] Profile: name=Profile 1 path=E:\SteamLibrary\steamapps\common\Euro Truck Simulator 2\bin\win_x64\plugins\PrismTextureStreamerFB\PrismMediaClient.exe.WebView2\EBWebView\Default lastActive=2026-08-03T02:15:43.414Z
2026-08-05 01:15:35.180: [INFO] LastUsedProfileDir: E:\SteamLibrary\steamapps\common\Euro Truck Simulator 2\bin\win_x64\plugins\PrismTextureStreamerFB\PrismMediaClient.exe.WebView2\EBWebView\Default
2026-08-05 01:15:35.180: [INFO] MostRecentlyActiveProfile: name=Profile 1 path=E:\SteamLibrary\steamapps\common\Euro Truck Simulator 2\bin\win_x64\plugins\PrismTextureStreamerFB\PrismMediaClient.exe.WebView2\EBWebView\Default lastActive=2026-08-03T02:15:43.414Z
2026-08-05 01:15:35.180: [INFO] OnDoneLoading sync enabled: 0
2026-08-05 01:15:35.180: [INFO] BookmarkModelLoaded, ids_reassigned: 0
2026-08-05 01:15:35.180: [INFO] BookmarksLoadDropped droppedNodes=0
2026-08-05 01:15:35.180: [INFO] BookmarksSnapshot Startup total=0 bar=0 other=0 mobile=0 showBar=0 showBarNTP=1
2026-08-05 02:00:54.915: [INFO] BookmarksSnapshot Shutdown total=0 bar=0 other=0 mobile=0 showBar=0 showBarNTP=1
2026-08-05 03:47:28.083: [INFO] CurrentProfilePath: E:\SteamLibrary\steamapps\common\Euro Truck Simulator 2\bin\win_x64\plugins\PrismTextureStreamerFB\PrismMediaClient.exe.WebView2\EBWebView\Default
2026-08-05 03:47:28.083: [INFO] Profiles total count: 1
2026-08-05 03:47:28.083: [INFO] Profile: name=Profile 1 path=E:\SteamLibrary\steamapps\common\Euro Truck Simulator 2\bin\win_x64\plugins\PrismTextureStreamerFB\PrismMediaClient.exe.WebView2\EBWebView\Default lastActive=2026-08-03T02:15:43.414Z
2026-08-05 03:47:28.083: [INFO] LastUsedProfileDir: E:\SteamLibrary\steamapps\common\Euro Truck Simulator 2\bin\win_x64\plugins\PrismTextureStreamerFB\PrismMediaClient.exe.WebView2\EBWebView\Default
2026-08-05 03:47:28.083: [INFO] MostRecentlyActiveProfile: name=Profile 1 path=E:\SteamLibrary\steamapps\common\Euro Truck Simulator 2\bin\win_x64\plugins\PrismTextureStreamerFB\PrismMediaClient.exe.WebView2\EBWebView\Default lastActive=2026-08-03T02:15:43.414Z
2026-08-05 03:47:28.083: [INFO] OnDoneLoading sync enabled: 0
2026-08-05 03:47:28.083: [INFO] BookmarkModelLoaded, ids_reassigned: 0
2026-08-05 03:47:28.083: [INFO] BookmarksLoadDropped droppedNodes=0
2026-08-05 03:47:28.083: [INFO] BookmarksSnapshot Startup total=0 bar=0 other=0 mobile=0 showBar=0 showBarNTP=1
2026-08-05 04:05:27.744: [INFO] BookmarksSnapshot Shutdown total=0 bar=0 other=0 mobile=0 showBar=0 showBarNTP=1
